<?xml version="1.0" encoding="utf-8"?><testsuites name="pytest tests"><testsuite name="pytest" errors="0" failures="0" skipped="0" tests="126" time="97.304" timestamp="2026-10-03T01:30:41.621088-07:00" hostname="Abd-Macbook-Pro-5.local"><testcase classname="tests.test_appendix" name="test_source_exhibits_keep_values_on_letter_pages" time="2.189" /><testcase classname="tests.test_appendix" name="test_each_projection_has_one_complete_header_and_unchanged_values" time="5.799" /><testcase classname="tests.test_appendix" name="test_unrecognized_readable_source_layout_is_retained" time="0.027" /><testcase classname="tests.test_config" name="test_local_env_loads_without_expanding_literal_credentials" time="0.002" /><testcase classname="tests.test_config" name="test_external_key_wins" time="0.002" /><testcase classname="tests.test_config" name="test_no_key_verification_does_not_load_env" time="0.002" /><testcase classname="tests.test_errors" name="test_errors_are_actionable_and_keep_original_details[Expected one populated flash for UNKNOWN/(2025, 4), found 0-Quarterly spreadsheet not found]" time="0.001" /><testcase classname="tests.test_errors" name="test_errors_are_actionable_and_keep_original_details[Expected one populated flash for CPERS/(2025, 4), found 2-More than one matching spreadsheet]" time="0.001" /><testcase classname="tests.test_errors" name="test_errors_are_actionable_and_keep_original_details[No prior client PMR found; policy and format cannot be established-Previous report is missing]" time="0.001" /><testcase classname="tests.test_errors" name="test_errors_are_actionable_and_keep_original_details[Ambiguous most recent prior client PMR-Previous report is ambiguous]" time="0.001" /><testcase classname="tests.test_errors" name="test_errors_are_actionable_and_keep_original_details[Expected number at flash.xlsx/FundingStatus(Agg)/B8-Invalid numerical data]" time="0.000" /><testcase classname="tests.test_errors" name="test_errors_are_actionable_and_keep_original_details[Currency must be finite with no fractions of a cent-Invalid numerical data]" time="0.000" /><testcase classname="tests.test_errors" name="test_errors_are_actionable_and_keep_original_details[Source files changed during generation; regenerate-Source documents changed during the run]" time="0.001" /><testcase classname="tests.test_errors" name="test_errors_are_actionable_and_keep_original_details[Implementation changed during generation; rerun-Application updated during the run]" time="0.001" /><testcase classname="tests.test_errors" name="test_errors_are_actionable_and_keep_original_details[Unrecognized validation error-Report generation stopped]" time="0.000" /><testcase classname="tests.test_errors" name="test_historical_failure_is_explained_without_rewriting_history" time="0.002" /><testcase classname="tests.test_finance" name="test_golden_financial_results" time="0.857" /><testcase classname="tests.test_finance" name="test_rows_move_and_filenames_change" time="1.045" /><testcase classname="tests.test_finance" name="test_ic_order_does_not_define_chronology" time="1.006" /><testcase classname="tests.test_finance" name="test_bad_cash_value_is_a_blocker" time="0.999" /><testcase classname="tests.test_finance" name="test_fund_missing_from_cash_sheet_blocks_without_crashing" time="1.053" /><testcase classname="tests.test_finance" name="test_fund_missing_from_returns_sheet_keeps_flash_figures" time="1.000" /><testcase classname="tests.test_finance" name="test_conflicting_ic_amounts_block_instead_of_guessing" time="5.313" /><testcase classname="tests.test_finance" name="test_entity_normalization_is_conservative" time="0.001" /><testcase classname="tests.test_finance" name="test_document_date_wins_over_inception_quarter" time="0.000" /><testcase classname="tests.test_finance" name="test_unknown_committee_action_blocks_finalization" time="0.804" /><testcase classname="tests.test_finance" name="test_zero_balance_fund_can_be_added_without_code_edits" time="0.824" /><testcase classname="tests.test_finance" name="test_different_client_identity_benchmark_and_policy" time="0.821" /><testcase classname="tests.test_finance" name="test_after_quarter_approval_excluded" time="0.812" /><testcase classname="tests.test_guardrails" name="test_currency_rejects_invalid_source[True]" time="0.002" /><testcase classname="tests.test_guardrails" name="test_currency_rejects_invalid_source[False]" time="0.001" /><testcase classname="tests.test_guardrails" name="test_currency_rejects_invalid_source[nan]" time="0.000" /><testcase classname="tests.test_guardrails" name="test_currency_rejects_invalid_source[inf]" time="0.000" /><testcase classname="tests.test_guardrails" name="test_currency_rejects_invalid_source[0.001]" time="0.000" /><testcase classname="tests.test_guardrails" name="test_currency_rejects_invalid_source[not money]" time="0.000" /><testcase classname="tests.test_guardrails" name="test_one_cent_error_blocks_and_exact_serialization" time="0.827" /><testcase classname="tests.test_guardrails" name="test_plan_facts_have_client_scope_not_adjacent_numeric_cell" time="0.724" /><testcase classname="tests.test_guardrails" name="test_quote_numbers_cannot_borrow_another_entity" time="0.001" /><testcase classname="tests.test_guardrails" name="test_chart_schema_rejects_unsafe_observations[boolean]" time="0.000" /><testcase classname="tests.test_guardrails" name="test_chart_schema_rejects_unsafe_observations[duplicate]" time="0.001" /><testcase classname="tests.test_guardrails" name="test_chart_schema_rejects_unsafe_observations[no_label]" time="0.000" /><testcase classname="tests.test_guardrails" name="test_chart_schema_rejects_unsafe_observations[range]" time="0.000" /><testcase classname="tests.test_guardrails" name="test_chart_schema_rejects_unsafe_observations[axis_without_bounds]" time="0.000" /><testcase classname="tests.test_guardrails" name="test_mixed_chart_confidence_is_conservatively_approximate" time="0.001" /><testcase classname="tests.test_guardrails" name="test_approximation_is_disclosed_even_if_provider_omits_note" time="0.001" /><testcase classname="tests.test_guardrails" name="test_chart_and_quote_numeric_changes_affect_semantic_hash" time="0.001" /><testcase classname="tests.test_guardrails" name="test_reordered_model_sentences_keep_the_same_figures_signature" time="0.001" /><testcase classname="tests.test_guardrails" name="test_relevant_invalid_ic_date_and_full_client_name" time="1.449" /><testcase classname="tests.test_guardrails" name="test_duplicate_flash_is_not_chosen_by_filename" time="0.407" /><testcase classname="tests.test_guardrails" name="test_empty_workbook_is_explicit_blocker" time="0.739" /><testcase classname="tests.test_launcher" name="test_setup_installs_once_and_reinstalls_manifest_change" time="0.006" /><testcase classname="tests.test_launcher" name="test_failed_install_does_not_mark_setup_complete" time="0.002" /><testcase classname="tests.test_launcher" name="test_start_opens_workspace_without_prompts_or_generation" time="0.005" /><testcase classname="tests.test_market" name="test_latest_quarter_uses_chronology_not_lexical_order" time="0.001" /><testcase classname="tests.test_market" name="test_material_sectors_follow_actual_portfolio_exposure" time="0.001" /><testcase classname="tests.test_market" name="test_short_return_horizon_and_latest_quarter_are_retained" time="0.000" /><testcase classname="tests.test_market" name="test_market_prose_uses_source_values_and_retains_approximation" time="0.001" /><testcase classname="tests.test_market" name="test_market_return_sentence_does_not_rank_against_client_benchmark" time="0.000" /><testcase classname="tests.test_market" name="test_forward_forecast_uses_next_period_not_current_year" time="0.000" /><testcase classname="tests.test_models" name="test_unverifiable_model_quote_is_rejected" time="0.001" /><testcase classname="tests.test_models" name="test_api_failure_preserves_draft_and_redacts_key" time="0.002" /><testcase classname="tests.test_models" name="test_cache_avoids_second_api_call" time="0.002" /><testcase classname="tests.test_models" name="test_prose_and_vision_models_are_separately_configurable" time="0.002" /><testcase classname="tests.test_pipeline" name="test_no_key_complete_financial_draft_and_repeatability" time="7.525" /><testcase classname="tests.test_pipeline" name="test_external_draft_edit_invalidates_approval" time="3.709" /><testcase classname="tests.test_pipeline" name="test_mocked_chart_review_and_finalization" time="5.875" /><testcase classname="tests.test_pipeline" name="test_source_change_during_model_enrichment_is_rejected" time="3.690" /><testcase classname="tests.test_pipeline" name="test_word_numeral_and_changed_heading_end_to_end" time="3.548" /><testcase classname="tests.test_randomized" name="test_randomized_file_row_and_ic_order_preserve_results[7]" time="0.913" /><testcase classname="tests.test_randomized" name="test_randomized_file_row_and_ic_order_preserve_results[19]" time="0.835" /><testcase classname="tests.test_randomized" name="test_randomized_file_row_and_ic_order_preserve_results[42]" time="0.843" /><testcase classname="tests.test_randomized" name="test_randomized_file_row_and_ic_order_preserve_results[101]" time="0.826" /><testcase classname="tests.test_randomized" name="test_randomized_file_row_and_ic_order_preserve_results[503]" time="0.899" /><testcase classname="tests.test_randomized" name="test_randomized_currency_corruption_always_blocks[11]" time="1.502" /><testcase classname="tests.test_randomized" name="test_randomized_currency_corruption_always_blocks[37]" time="1.509" /><testcase classname="tests.test_randomized" name="test_randomized_currency_corruption_always_blocks[83]" time="2.056" /><testcase classname="tests.test_randomized" name="test_randomized_currency_corruption_always_blocks[211]" time="2.266" /><testcase classname="tests.test_randomized" name="test_randomized_currency_corruption_always_blocks[997]" time="2.703" /><testcase classname="tests.test_rehearsal" name="test_coherent_next_quarter_with_cross_year_approval" time="3.476" /><testcase classname="tests.test_rehearsal" name="test_harder_unseen_layout_and_label_changes" time="6.717" /><testcase classname="tests.test_review_integrity" name="test_acknowledgment_is_required_by_backend" time="3.652" /><testcase classname="tests.test_review_integrity" name="test_changed_asset_blocks_approval" time="3.730" /><testcase classname="tests.test_review_integrity" name="test_correction_requires_reason_and_full_schema" time="3.508" /><testcase classname="tests.test_review_integrity" name="test_unknown_chart_id_cannot_be_confirmed" time="3.616" /><testcase classname="tests.test_review_integrity" name="test_final_semantics_and_evidence_are_saved" time="5.687" /><testcase classname="tests.test_synthesis" name="test_scoped_quote_and_number_firewall" time="0.001" /><testcase classname="tests.test_synthesis" name="test_display_does_not_change_exact_values" time="0.001" /><testcase classname="tests.test_synthesis" name="test_renamed_heading_is_not_a_missing_report" time="0.011" /><testcase classname="tests.test_synthesis" name="test_section_preference_picks_drivers_over_commentary" time="0.011" /><testcase classname="tests.test_synthesis" name="test_invalid_prose_gets_one_bounded_repair" time="0.001" /><testcase classname="tests.test_synthesis" name="test_fallback_cannot_change_numerical_inventory" time="0.000" /><testcase classname="tests.test_synthesis" name="test_numbers_and_asset_names_are_bound_to_exact_source" time="0.001" /><testcase classname="tests.test_synthesis" name="test_slots_cannot_borrow_numbers_from_another_source" time="0.000" /><testcase classname="tests.test_synthesis" name="test_word_numeral_and_ampersand_matching" time="0.000" /><testcase classname="tests.test_synthesis" name="test_unmatched_report_is_flagged_not_silently_dropped" time="0.001" /><testcase classname="tests.test_synthesis" name="test_unsupported_meaning_is_rejected_even_with_real_quote" time="0.001" /><testcase classname="tests.test_synthesis" name="test_market_cannot_omit_house_view_risk_sources" time="0.001" /><testcase classname="tests.test_synthesis" name="test_host_attaches_exact_quote_without_model_transcription" time="0.000" /><testcase classname="tests.test_synthesis" name="test_natural_reordering_preserves_exact_inventory" time="0.001" /><testcase classname="tests.test_synthesis" name="test_house_view_dates_are_not_optional_numeric_inventory" time="0.000" /><testcase classname="tests.test_synthesis" name="test_numeric_mask_excludes_punctuation_and_binds_periods" time="0.001" /><testcase classname="tests.test_synthesis" name="test_manager_claim_cannot_be_attributed_to_market_deck" time="0.001" /><testcase classname="tests.test_template" name="test_template_uses_readable_body_and_visible_primary_color" time="0.036" /><testcase classname="tests.test_workspace" name="test_upload_preserves_folders" time="0.003" /><testcase classname="tests.test_workspace" name="test_upload_rejects_unsafe_paths[../secret.pdf]" time="0.002" /><testcase classname="tests.test_workspace" name="test_upload_rejects_unsafe_paths[/secret.pdf]" time="0.002" /><testcase classname="tests.test_workspace" name="test_upload_rejects_unsafe_paths[.env]" time="0.003" /><testcase classname="tests.test_workspace" name="test_upload_rejects_unsafe_paths[nested/.private.pdf]" time="0.002" /><testcase classname="tests.test_workspace" name="test_upload_rejects_unsafe_paths[a\\report.pdf]" time="0.002" /><testcase classname="tests.test_workspace" name="test_upload_rejects_unsafe_paths[report.txt]" time="0.002" /><testcase classname="tests.test_workspace" name="test_upload_rejects_invalid_packages[files0]" time="0.002" /><testcase classname="tests.test_workspace" name="test_upload_rejects_invalid_packages[files1]" time="0.002" /><testcase classname="tests.test_workspace" name="test_upload_rejects_invalid_packages[files2]" time="0.003" /><testcase classname="tests.test_workspace" name="test_upload_rejects_invalid_packages[files3]" time="0.002" /><testcase classname="tests.test_workspace" name="test_generate_validates_before_starting_worker" time="0.004" /><testcase classname="tests.test_workspace" name="test_restart_marks_interrupted_runs_failed" time="0.004" /><testcase classname="tests.test_workspace" name="test_browser_artifacts_and_bundle_exclude_secrets" time="0.005" /><testcase classname="tests.test_workspace" name="test_worker_failure_is_visible_and_releases_active" time="0.005" /><testcase classname="tests.test_workspace" name="test_write_routes_require_local_host_token_and_origin[headers0]" time="0.007" /><testcase classname="tests.test_workspace" name="test_write_routes_require_local_host_token_and_origin[headers1]" time="0.003" /><testcase classname="tests.test_workspace" name="test_write_routes_require_local_host_token_and_origin[headers2]" time="0.003" /><testcase classname="tests.test_workspace" name="test_bad_requests_return_explicit_error[not json]" time="0.002" /><testcase classname="tests.test_workspace" name="test_bad_requests_return_explicit_error[[]]" time="0.003" /><testcase classname="tests.test_workspace" name="test_bad_requests_return_explicit_error[{&quot;files&quot;:[null]}]" time="0.003" /><testcase classname="tests.test_workspace" name="test_http_upload_accepts_valid_document" time="0.004" /><testcase classname="tests.test_workspace" name="test_unknown_bundle_is_404" time="0.003" /></testsuite></testsuites>